// Jest Snapshot v1, https://goo.gl/fbAQLP

exports[`react/Router renders correctly - found page 1`] = `
<div>
  <p>
    <img
      alt="test"
      src="file"
    />
    <img
      alt="test"
      src="file"
    />
    Test
  </p>
</div>
`;

exports[`react/Router renders correctly - loading page 1`] = `
<div>
  <div>
    Loading...
  </div>
</div>
`;

exports[`react/Router renders correctly - not found page 1`] = `<div />`;
